Archive member included to satisfy reference by file (symbol)

c:/mounriver/mounriver_studio2/resources/app/resources/win32/components/wch/toolchain/risc-v embedded gcc12/bin/../lib/gcc/riscv-wch-elf/12.2.0/rv32ec_xw/ilp32e\libgcc.a(save-restore.o)
                              ./User/NRF24L01/NRF24L01.o (__riscv_save_2)
c:/mounriver/mounriver_studio2/resources/app/resources/win32/components/wch/toolchain/risc-v embedded gcc12/bin/../lib/gcc/riscv-wch-elf/12.2.0/rv32ec_xw/ilp32e\libgcc.a(muldi3.o)
                              ./Debug/debug.o (__mulsi3)
c:/mounriver/mounriver_studio2/resources/app/resources/win32/components/wch/toolchain/risc-v embedded gcc12/bin/../lib/gcc/riscv-wch-elf/12.2.0/rv32ec_xw/ilp32e\libgcc.a(div.o)
                              ./User/system_ch32v00x.o (__divsi3)
c:/mounriver/mounriver_studio2/resources/app/resources/win32/components/wch/toolchain/risc-v embedded gcc12/bin/../lib/gcc/riscv-wch-elf/12.2.0/../../../../riscv-wch-elf/lib/rv32ec_xw/ilp32e\libg_nano.a(lib_a-memcpy-asm.o)
                              ./User/main.o (memcpy)
c:/mounriver/mounriver_studio2/resources/app/resources/win32/components/wch/toolchain/risc-v embedded gcc12/bin/../lib/gcc/riscv-wch-elf/12.2.0/../../../../riscv-wch-elf/lib/rv32ec_xw/ilp32e\libg_nano.a(lib_a-memmove.o)
                              ./User/DataTranscode/data_transcode.o (memmove)
c:/mounriver/mounriver_studio2/resources/app/resources/win32/components/wch/toolchain/risc-v embedded gcc12/bin/../lib/gcc/riscv-wch-elf/12.2.0/../../../../riscv-wch-elf/lib/rv32ec_xw/ilp32e\libg_nano.a(lib_a-memset.o)
                              ./User/NRF24L01/NRF24L01.o (memset)
c:/mounriver/mounriver_studio2/resources/app/resources/win32/components/wch/toolchain/risc-v embedded gcc12/bin/../lib/gcc/riscv-wch-elf/12.2.0/../../../../riscv-wch-elf/lib/rv32ec_xw/ilp32e\libg_nano.a(lib_a-strlen.o)
                              ./User/main.o (strlen)

Discarded input sections

 .text          0x0000000000000000        0x0 ./User/NRF24L01/NRF24L01.o
 .data          0x0000000000000000        0x0 ./User/NRF24L01/NRF24L01.o
 .bss           0x0000000000000000        0x0 ./User/NRF24L01/NRF24L01.o
 .text.NRF24_SPI_Read
                0x0000000000000000       0x4e ./User/NRF24L01/NRF24L01.o
 .text.NRF24_SPI_Transceive
                0x0000000000000000       0x50 ./User/NRF24L01/NRF24L01.o
 .text.NRF24_GetLinkQuality
                0x0000000000000000       0x28 ./User/NRF24L01/NRF24L01.o
 .text.NRF24_GetRxPipe
                0x0000000000000000       0x30 ./User/NRF24L01/NRF24L01.o
 .text          0x0000000000000000        0x0 ./User/DataTranscode/data_transcode.o
 .data          0x0000000000000000        0x0 ./User/DataTranscode/data_transcode.o
 .bss           0x0000000000000000        0x0 ./User/DataTranscode/data_transcode.o
 .text          0x0000000000000000        0x0 ./User/ch32v00x_it.o
 .data          0x0000000000000000        0x0 ./User/ch32v00x_it.o
 .bss           0x0000000000000000        0x0 ./User/ch32v00x_it.o
 .text          0x0000000000000000        0x0 ./User/device.o
 .data          0x0000000000000000        0x0 ./User/device.o
 .bss           0x0000000000000000        0x0 ./User/device.o
 .text.report_err_tx
                0x0000000000000000       0x64 ./User/device.o
 .debug_info    0x0000000000000000      0x36a ./User/device.o
 .debug_abbrev  0x0000000000000000      0x11a ./User/device.o
 .debug_loclists
                0x0000000000000000       0x50 ./User/device.o
 .debug_aranges
                0x0000000000000000       0x20 ./User/device.o
 .debug_rnglists
                0x0000000000000000       0x16 ./User/device.o
 .debug_line    0x0000000000000000      0x176 ./User/device.o
 .debug_str     0x0000000000000000      0x284 ./User/device.o
 .debug_line_str
                0x0000000000000000      0x1e7 ./User/device.o
 .comment       0x0000000000000000       0x32 ./User/device.o
 .debug_frame   0x0000000000000000       0x34 ./User/device.o
 .riscv.attributes
                0x0000000000000000       0x27 ./User/device.o
 .text          0x0000000000000000        0x0 ./User/main.o
 .data          0x0000000000000000        0x0 ./User/main.o
 .bss           0x0000000000000000        0x0 ./User/main.o
 .text.Start_DMA_USART_TX
                0x0000000000000000       0x48 ./User/main.o
 .text.SPI_DMA_RX_Config
                0x0000000000000000       0x90 ./User/main.o
 .text.Start_DMA_SPI_RX
                0x0000000000000000       0x4c ./User/main.o
 .text.UART_buffer_clear
                0x0000000000000000       0x16 ./User/main.o
 .text.flash_read_boot_flag
                0x0000000000000000        0xc ./User/main.o
 .text.flash_read_crc32
                0x0000000000000000        0xc ./User/main.o
 .text          0x0000000000000000        0x0 ./User/system_ch32v00x.o
 .data          0x0000000000000000        0x0 ./User/system_ch32v00x.o
 .bss           0x0000000000000000        0x0 ./User/system_ch32v00x.o
[...]
Memory Configuration

Name             Origin             Length             Attributes
BOOTLOADER       0x0000000000000000 0x0000000000001000 xr
FLASH            0x0000000000001000 0x0000000000003000 xr
RAM              0x0000000020000000 0x0000000000000800 xrw
*default*        0x0000000000000000 0xffffffffffffffff

Linker script and memory map

LOAD ./User/NRF24L01/NRF24L01.o
LOAD ./User/DataTranscode/data_transcode.o
LOAD ./User/ch32v00x_it.o
LOAD ./User/device.o
LOAD ./User/main.o
LOAD ./User/system_ch32v00x.o
LOAD ./Startup/startup_ch32v00x.o
LOAD ./Peripheral/src/ch32v00x_adc.o
LOAD ./Peripheral/src/ch32v00x_dbgmcu.o
LOAD ./Peripheral/src/ch32v00x_dma.o
LOAD ./Peripheral/src/ch32v00x_exti.o
LOAD ./Peripheral/src/ch32v00x_flash.o
LOAD ./Peripheral/src/ch32v00x_gpio.o
LOAD ./Peripheral/src/ch32v00x_i2c.o
LOAD ./Peripheral/src/ch32v00x_iwdg.o
LOAD ./Peripheral/src/ch32v00x_misc.o
LOAD ./Peripheral/src/ch32v00x_opa.o
LOAD ./Peripheral/src/ch32v00x_pwr.o
LOAD ./Peripheral/src/ch32v00x_rcc.o
LOAD ./Peripheral/src/ch32v00x_spi.o
LOAD ./Peripheral/src/ch32v00x_tim.o
LOAD ./Peripheral/src/ch32v00x_usart.o
LOAD ./Peripheral/src/ch32v00x_wwdg.o
LOAD ./Debug/debug.o
LOAD ./Core/core_riscv.o
LOAD c:/mounriver/mounriver_studio2/resources/app/resources/win32/components/wch/toolchain/risc-v embedded gcc12/bin/../lib/gcc/riscv-wch-elf/12.2.0/../../../../riscv-wch-elf/lib/rv32ec_xw/ilp32e\libm_nano.a
LOAD c:/mounriver/mounriver_studio2/resources/app/resources/win32/components/wch/toolchain/risc-v embedded gcc12/bin/../lib/gcc/riscv-wch-elf/12.2.0/../../../../riscv-wch-elf/lib/rv32ec_xw/ilp32e\libprintf.a
LOAD c:/mounriver/mounriver_studio2/resources/app/resources/win32/components/wch/toolchain/risc-v embedded gcc12/bin/../lib/gcc/riscv-wch-elf/12.2.0/rv32ec_xw/ilp32e\libgcc.a
LOAD c:/mounriver/mounriver_studio2/resources/app/resources/win32/components/wch/toolchain/risc-v embedded gcc12/bin/../lib/gcc/riscv-wch-elf/12.2.0/../../../../riscv-wch-elf/lib/rv32ec_xw/ilp32e\libg_nano.a
LOAD c:/mounriver/mounriver_studio2/resources/app/resources/win32/components/wch/toolchain/risc-v embedded gcc12/bin/../lib/gcc/riscv-wch-elf/12.2.0/../../../../riscv-wch-elf/lib/rv32ec_xw/ilp32e\libc_nano.a
LOAD c:/mounriver/mounriver_studio2/resources/app/resources/win32/components/wch/toolchain/risc-v embedded gcc12/bin/../lib/gcc/riscv-wch-elf/12.2.0/rv32ec_xw/ilp32e\libgcc.a
START GROUP
LOAD c:/mounriver/mounriver_studio2/resources/app/resources/win32/components/wch/toolchain/risc-v embedded gcc12/bin/../lib/gcc/riscv-wch-elf/12.2.0/rv32ec_xw/ilp32e\libgcc.a
LOAD c:/mounriver/mounriver_studio2/resources/app/resources/win32/components/wch/toolchain/risc-v embedded gcc12/bin/../lib/gcc/riscv-wch-elf/12.2.0/../../../../riscv-wch-elf/lib/rv32ec_xw/ilp32e\libc_nano.a
LOAD c:/mounriver/mounriver_studio2/resources/app/resources/win32/components/wch/toolchain/risc-v embedded gcc12/bin/../lib/gcc/riscv-wch-elf/12.2.0/../../../../riscv-wch-elf/lib/rv32ec_xw/ilp32e\libnosys.a
END GROUP
START GROUP
LOAD c:/mounriver/mounriver_studio2/resources/app/resources/win32/components/wch/toolchain/risc-v embedded gcc12/bin/../lib/gcc/riscv-wch-elf/12.2.0/rv32ec_xw/ilp32e\libgcc.a
LOAD c:/mounriver/mounriver_studio2/resources/app/resources/win32/components/wch/toolchain/risc-v embedded gcc12/bin/../lib/gcc/riscv-wch-elf/12.2.0/../../../../riscv-wch-elf/lib/rv32ec_xw/ilp32e\libc_nano.a
LOAD c:/mounriver/mounriver_studio2/resources/app/resources/win32/components/wch/toolchain/risc-v embedded gcc12/bin/../lib/gcc/riscv-wch-elf/12.2.0/../../../../riscv-wch-elf/lib/rv32ec_xw/ilp32e\libnosys.a
END GROUP
                0x0000000000000100                __stack_size = 0x100
                [!provide]                        PROVIDE (_stack_size = __stack_size)
                0x0000000000001000                __bootloader_size = 0x1000
                0x0000000000001000                __app_offset = 0x1000
                0x0000000000003000                __app_size = 0x3000

.bootloader     0x0000000000000000        0x0
                0x0000000000000000                . = ALIGN (0x4)
 *(.bootloader)
                0x0000000000000000                . = ALIGN (0x4)

.init           0x0000000000001000       0xa0
                0x0000000000001000                _sinit = .
                0x0000000000001000                . = ALIGN (0x4)
 *(SORT_NONE(.init))
 .init          0x0000000000001000       0x9e ./Startup/startup_ch32v00x.o
                0x0000000000001000                _start
                0x00000000000010a0                . = ALIGN (0x4)
 *fill*         0x000000000000109e        0x2 
                0x00000000000010a0                _einit = .

.highcodelalign
                0x00000000000010a0        0x0
                0x00000000000010a0                . = ALIGN (0x4)
                0x00000000000010a0                PROVIDE (_highcode_lma = .)

.highcode       0x0000000020000000        0x0 load address 0x00000000000010a0
                0x0000000020000000                . = ALIGN (0x4)
                0x0000000020000000                PROVIDE (_highcode_vma_start = .)
 *(.highcode)
 *(.highcode.*)
                0x0000000020000000                . = ALIGN (0x4)
                0x0000000020000000                PROVIDE (_highcode_vma_end = .)

.text           0x00000000000010a0     0x1ea8
                0x00000000000010a0                . = ALIGN (0x4)
 *(.text)
 .text          0x00000000000010a0       0x14 c:/mounriver/mounriver_studio2/resources/app/resources/win32/components/wch/toolchain/risc-v embedded gcc12/bin/../lib/gcc/riscv-wch-elf/12.2.0/rv32ec_xw/ilp32e\libgcc.a(save-restore.o)
                0x00000000000010a0                __riscv_save_1
                0x00000000000010a0                __riscv_save_2
                0x00000000000010a0                __riscv_save_0
                0x00000000000010aa                __riscv_restore_0
                0x00000000000010aa                __riscv_restore_1
                0x00000000000010aa                __riscv_restore_2
 .text          0x00000000000010b4       0x16 c:/mounriver/mounriver_studio2/resources/app/resources/win32/components/wch/toolchain/risc-v embedded gcc12/bin/../lib/gcc/riscv-wch-elf/12.2.0/rv32ec_xw/ilp32e\libgcc.a(muldi3.o)
                0x00000000000010b4                __mulsi3
 *fill*         0x00000000000010ca        0x2 
 .text          0x00000000000010cc       0x7e c:/mounriver/mounriver_studio2/resources/app/resources/win32/components/wch/toolchain/risc-v embedded gcc12/bin/../lib/gcc/riscv-wch-elf/12.2.0/rv32ec_xw/ilp32e\libgcc.a(div.o)
                0x00000000000010cc                __divsi3
                0x00000000000010d4                __udivsi3
                0x00000000000010d4                __hidden___udivsi3
                0x0000000000001100                __umodsi3
                0x0000000000001124                __modsi3
 .text          0x000000000000114a       0x16 c:/mounriver/mounriver_studio2/resources/app/resources/win32/components/wch/toolchain/risc-v embedded gcc12/bin/../lib/gcc/riscv-wch-elf/12.2.0/../../../../riscv-wch-elf/lib/rv32ec_xw/ilp32e\libg_nano.a(lib_a-memcpy-asm.o)
                0x000000000000114a                memcpy
 .text          0x0000000000001160       0x26 c:/mounriver/mounriver_studio2/resources/app/resources/win32/components/wch/toolchain/risc-v embedded gcc12/bin/../lib/gcc/riscv-wch-elf/12.2.0/../../../../riscv-wch-elf/lib/rv32ec_xw/ilp32e\libg_nano.a(lib_a-memmove.o)
                0x0000000000001160                memmove
 .text          0x0000000000001186       0x10 c:/mounriver/mounriver_studio2/resources/app/resources/win32/components/wch/toolchain/risc-v embedded gcc12/bin/../lib/gcc/riscv-wch-elf/12.2.0/../../../../riscv-wch-elf/lib/rv32ec_xw/ilp32e\libg_nano.a(lib_a-memset.o)
                0x0000000000001186                memset
 *(.text.*)
 .text.nrf_cs_high
                0x0000000000001196        0x8 ./User/NRF24L01/NRF24L01.o
 .text.nrf_ce_low
                0x000000000000119e        0x8 ./User/NRF24L01/NRF24L01.o
 .text.nrf_cs_low
                0x00000000000011a6        0x8 ./User/NRF24L01/NRF24L01.o
 .text.nrf_spi_txrx
                0x00000000000011ae       0x30 ./User/NRF24L01/NRF24L01.o
 .text.NRF24_pin_config
                0x00000000000011de       0x18 ./User/NRF24L01/NRF24L01.o
                0x00000000000011de                NRF24_pin_config
 .text.NRF24_SPI_Write
                0x00000000000011f6       0x28 ./User/NRF24L01/NRF24L01.o
                0x00000000000011f6                NRF24_SPI_Write
 .text.NRF24_ReadRegister
                0x000000000000121e       0x34 ./User/NRF24L01/NRF24L01.o
                0x000000000000121e                NRF24_ReadRegister
 .text.NRF24_WriteRegister
                0x0000000000001252       0x34 ./User/NRF24L01/NRF24L01.o
                0x0000000000001252                NRF24_WriteRegister
 .text.NRF24_ReadStatus
                0x0000000000001286       0x1c ./User/NRF24L01/NRF24L01.o
                0x0000000000001286                NRF24_ReadStatus
 .text.NRF24_HandleIRQ
                0x00000000000012a2       0x54 ./User/NRF24L01/NRF24L01.o
                0x00000000000012a2                NRF24_HandleIRQ
 .text.NRF24_init
                0x00000000000012f6      0x194 ./User/NRF24L01/NRF24L01.o
                0x00000000000012f6                NRF24_init
 .text.NRF24_Send
                0x000000000000148a       0x8c ./User/NRF24L01/NRF24L01.o
                0x000000000000148a                NRF24_Send
 .text.NRF24_ReadRXPayload
                0x0000000000001516       0xb2 ./User/NRF24L01/NRF24L01.o
                0x0000000000001516                NRF24_ReadRXPayload
 .text.NRF24_SetTXAddress
                0x00000000000015c8       0x7c ./User/NRF24L01/NRF24L01.o
                0x00000000000015c8                NRF24_SetTXAddress
 .text.NRF24_SetRXAddress
                0x0000000000001644       0x70 ./User/NRF24L01/NRF24L01.o
                0x0000000000001644                NRF24_SetRXAddress
 .text.packetDataReset
                0x00000000000016b4       0x42 ./User/DataTranscode/data_transcode.o
 .text.RF_decode
                0x00000000000016f6       0xa8 ./User/DataTranscode/data_transcode.o
                0x00000000000016f6                RF_decode
 .text.RF_encode
                0x000000000000179e       0x3c ./User/DataTranscode/data_transcode.o
                0x000000000000179e                RF_encode
 .text.crc16_cal
                0x00000000000017da       0x40 ./User/DataTranscode/data_transcode.o
                0x00000000000017da                crc16_cal
 .text.UART_decode
                0x000000000000181a      0x11e ./User/DataTranscode/data_transcode.o
                0x000000000000181a                UART_decode
 .text.UART_encode
                0x0000000000001938       0x74 ./User/DataTranscode/data_transcode.o
                0x0000000000001938                UART_encode
 .text.NMI_Handler
                0x00000000000019ac        0x2 ./User/ch32v00x_it.o
                0x00000000000019ac                NMI_Handler
 .text.HardFault_Handler
                0x00000000000019ae       0x10 ./User/ch32v00x_it.o
                0x00000000000019ae                HardFault_Handler
 .text.LinkPinout_Init
                0x00000000000019be      0x176 ./User/main.o
                0x00000000000019be                LinkPinout_Init
 .text.TIM_INT_Init
                0x0000000000001b34       0x7e ./User/main.o
                0x0000000000001b34                TIM_INT_Init
 .text.USART1_Init
                0x0000000000001bb2       0xc8 ./User/main.o
                0x0000000000001bb2                USART1_Init
 .text.USART_DMA_TX_Config
                0x0000000000001c7a       0x76 ./User/main.o
                0x0000000000001c7a                USART_DMA_TX_Config
 .text.SPI1_Init
                0x0000000000001cf0       0x6e ./User/main.o
                0x0000000000001cf0                SPI1_Init
 .text.UartSendBuffer
                0x0000000000001d5e       0x44 ./User/main.o
                0x0000000000001d5e                UartSendBuffer
 .text.USART1_IRQHandler
                0x0000000000001da2       0xa0 ./User/main.o
                0x0000000000001da2                USART1_IRQHandler
 .text.EXTI7_0_IRQHandler
                0x0000000000001e42       0x56 ./User/main.o
                0x0000000000001e42                EXTI7_0_IRQHandler
 .text.TIM2_IRQHandler
                0x0000000000001e98       0xec ./User/main.o
                0x0000000000001e98                TIM2_IRQHandler
 .text.flash_save_metadata
                0x0000000000001f84       0x60 ./User/main.o
                0x0000000000001f84                flash_save_metadata
 .text.system_reset_trigger
                0x0000000000001fe4       0x78 ./User/main.o
                0x0000000000001fe4                system_reset_trigger
 .text.startup.main
                0x000000000000205c      0x48c ./User/main.o
                0x000000000000205c                main
 .text.SystemInit
                0x00000000000024e8       0xda ./User/system_ch32v00x.o
                0x00000000000024e8                SystemInit
 .text.SystemCoreClockUpdate
                0x00000000000025c2       0x66 ./User/system_ch32v00x.o
                0x00000000000025c2                SystemCoreClockUpdate
 .text.vector_handler
                0x0000000000002628        0x2 ./Startup/startup_ch32v00x.o
                0x0000000000002628                TIM1_CC_IRQHandler
                0x0000000000002628                SysTick_Handler
                0x0000000000002628                PVD_IRQHandler
                0x0000000000002628                SPI1_IRQHandler
                0x0000000000002628                AWU_IRQHandler
                0x0000000000002628                DMA1_Channel4_IRQHandler
                0x0000000000002628                ADC1_IRQHandler
                0x0000000000002628                DMA1_Channel7_IRQHandler
                0x0000000000002628                I2C1_EV_IRQHandler
                0x0000000000002628                DMA1_Channel6_IRQHandler
                0x0000000000002628                RCC_IRQHandler
                0x0000000000002628                TIM1_TRG_COM_IRQHandler
                0x0000000000002628                DMA1_Channel1_IRQHandler
                0x0000000000002628                DMA1_Channel5_IRQHandler
                0x0000000000002628                DMA1_Channel3_IRQHandler
                0x0000000000002628                TIM1_UP_IRQHandler
                0x0000000000002628                WWDG_IRQHandler
                0x0000000000002628                SW_Handler
                0x0000000000002628                TIM1_BRK_IRQHandler
                0x0000000000002628                DMA1_Channel2_IRQHandler
                0x0000000000002628                FLASH_IRQHandler
                0x0000000000002628                I2C1_ER_IRQHandler
 .text.handle_reset
                0x000000000000262a       0xb2 ./Startup/startup_ch32v00x.o
                0x000000000000262a                handle_reset
 .text.DBGMCU_GetCHIPID
                0x00000000000026dc        0xa ./Peripheral/src/ch32v00x_dbgmcu.o
                0x00000000000026dc                DBGMCU_GetCHIPID
 .text.DMA_DeInit
                0x00000000000026e6       0x92 ./Peripheral/src/ch32v00x_dma.o
                0x00000000000026e6                DMA_DeInit
 .text.DMA_Init
                0x0000000000002778       0x38 ./Peripheral/src/ch32v00x_dma.o
                0x0000000000002778                DMA_Init
 .text.DMA_Cmd  0x00000000000027b0       0x14 ./Peripheral/src/ch32v00x_dma.o
                0x00000000000027b0                DMA_Cmd
 .text.EXTI_Init
                0x00000000000027c4       0x62 ./Peripheral/src/ch32v00x_exti.o
                0x00000000000027c4                EXTI_Init
 .text.EXTI_GetITStatus
                0x0000000000002826       0x1a ./Peripheral/src/ch32v00x_exti.o
                0x0000000000002826                EXTI_GetITStatus
 .text.EXTI_ClearITPendingBit
                0x0000000000002840        0xc ./Peripheral/src/ch32v00x_exti.o
                0x0000000000002840                EXTI_ClearITPendingBit
 .text.FLASH_ClearFlag
                0x000000000000284c        0x8 ./Peripheral/src/ch32v00x_flash.o
                0x000000000000284c                FLASH_ClearFlag
 .text.FLASH_GetStatus
                0x0000000000002854       0x16 ./Peripheral/src/ch32v00x_flash.o
                0x0000000000002854                FLASH_GetStatus
 .text.FLASH_GetBank1Status
                0x000000000000286a       0x16 ./Peripheral/src/ch32v00x_flash.o
                0x000000000000286a                FLASH_GetBank1Status
 .text.FLASH_WaitForLastOperation
                0x0000000000002880       0x20 ./Peripheral/src/ch32v00x_flash.o
                0x0000000000002880                FLASH_WaitForLastOperation
 .text.FLASH_ProgramWord
                0x00000000000028a0       0x56 ./Peripheral/src/ch32v00x_flash.o
                0x00000000000028a0                FLASH_ProgramWord
 .text.FLASH_Unlock_Fast
                0x00000000000028f6       0x1e ./Peripheral/src/ch32v00x_flash.o
                0x00000000000028f6                FLASH_Unlock_Fast
 .text.FLASH_Lock_Fast
                0x0000000000002914        0xe ./Peripheral/src/ch32v00x_flash.o
                0x0000000000002914                FLASH_Lock_Fast
 .text.FLASH_ErasePage_Fast
                0x0000000000002922       0x36 ./Peripheral/src/ch32v00x_flash.o
                0x0000000000002922                FLASH_ErasePage_Fast
 .text.GPIO_Init
                0x0000000000002958       0x76 ./Peripheral/src/ch32v00x_gpio.o
                0x0000000000002958                GPIO_Init
 .text.GPIO_ReadOutputDataBit
                0x00000000000029ce        0xc ./Peripheral/src/ch32v00x_gpio.o
                0x00000000000029ce                GPIO_ReadOutputDataBit
 .text.GPIO_SetBits
                0x00000000000029da        0x4 ./Peripheral/src/ch32v00x_gpio.o
                0x00000000000029da                GPIO_SetBits
 .text.GPIO_ResetBits
                0x00000000000029de        0x4 ./Peripheral/src/ch32v00x_gpio.o
                0x00000000000029de                GPIO_ResetBits
 .text.GPIO_WriteBit
                0x00000000000029e2        0xa ./Peripheral/src/ch32v00x_gpio.o
                0x00000000000029e2                GPIO_WriteBit
 .text.GPIO_EXTILineConfig
                0x00000000000029ec       0x22 ./Peripheral/src/ch32v00x_gpio.o
                0x00000000000029ec                GPIO_EXTILineConfig
 .text.NVIC_PriorityGroupConfig
                0x0000000000002a0e        0x6 ./Peripheral/src/ch32v00x_misc.o
                0x0000000000002a0e                NVIC_PriorityGroupConfig
 .text.NVIC_Init
                0x0000000000002a14       0x54 ./Peripheral/src/ch32v00x_misc.o
                0x0000000000002a14                NVIC_Init
 .text.RCC_AdjustHSICalibrationValue
                0x0000000000002a68       0x12 ./Peripheral/src/ch32v00x_rcc.o
                0x0000000000002a68                RCC_AdjustHSICalibrationValue
 .text.RCC_GetClocksFreq
                0x0000000000002a7a       0x98 ./Peripheral/src/ch32v00x_rcc.o
                0x0000000000002a7a                RCC_GetClocksFreq
 .text.RCC_AHBPeriphClockCmd
                0x0000000000002b12       0x1e ./Peripheral/src/ch32v00x_rcc.o
                0x0000000000002b12                RCC_AHBPeriphClockCmd
 .text.RCC_APB2PeriphClockCmd
                0x0000000000002b30       0x1e ./Peripheral/src/ch32v00x_rcc.o
                0x0000000000002b30                RCC_APB2PeriphClockCmd
 .text.RCC_APB1PeriphClockCmd
                0x0000000000002b4e       0x1e ./Peripheral/src/ch32v00x_rcc.o
                0x0000000000002b4e                RCC_APB1PeriphClockCmd
 .text.SPI_Init
                0x0000000000002b6c       0x34 ./Peripheral/src/ch32v00x_spi.o
                0x0000000000002b6c                SPI_Init
 .text.SPI_Cmd  0x0000000000002ba0       0x1a ./Peripheral/src/ch32v00x_spi.o
                0x0000000000002ba0                SPI_Cmd
 .text.SPI_I2S_SendData
                0x0000000000002bba        0x4 ./Peripheral/src/ch32v00x_spi.o
                0x0000000000002bba                SPI_I2S_SendData
 .text.SPI_I2S_ReceiveData
                0x0000000000002bbe        0x4 ./Peripheral/src/ch32v00x_spi.o
                0x0000000000002bbe                SPI_I2S_ReceiveData
 .text.SPI_I2S_GetFlagStatus
                0x0000000000002bc2        0xa ./Peripheral/src/ch32v00x_spi.o
                0x0000000000002bc2                SPI_I2S_GetFlagStatus
 .text.TIM_TimeBaseInit
                0x0000000000002bcc       0x4e ./Peripheral/src/ch32v00x_tim.o
                0x0000000000002bcc                TIM_TimeBaseInit
 .text.TIM_Cmd  0x0000000000002c1a       0x18 ./Peripheral/src/ch32v00x_tim.o
                0x0000000000002c1a                TIM_Cmd
 .text.TIM_ITConfig
                0x0000000000002c32       0x12 ./Peripheral/src/ch32v00x_tim.o
                0x0000000000002c32                TIM_ITConfig
 .text.TIM_ClearFlag
                0x0000000000002c44        0xc ./Peripheral/src/ch32v00x_tim.o
                0x0000000000002c44                TIM_ClearFlag
 .text.TIM_GetITStatus
                0x0000000000002c50       0x18 ./Peripheral/src/ch32v00x_tim.o
                0x0000000000002c50                TIM_GetITStatus
 .text.TIM_ClearITPendingBit
                0x0000000000002c68        0xc ./Peripheral/src/ch32v00x_tim.o
                0x0000000000002c68                TIM_ClearITPendingBit
 .text.USART_Init
                0x0000000000002c74       0xce ./Peripheral/src/ch32v00x_usart.o
                0x0000000000002c74                USART_Init
 .text.USART_Cmd
                0x0000000000002d42       0x14 ./Peripheral/src/ch32v00x_usart.o
                0x0000000000002d42                USART_Cmd
 .text.USART_ITConfig
                0x0000000000002d56       0x38 ./Peripheral/src/ch32v00x_usart.o
                0x0000000000002d56                USART_ITConfig
 .text.USART_DMACmd
                0x0000000000002d8e       0x12 ./Peripheral/src/ch32v00x_usart.o
                0x0000000000002d8e                USART_DMACmd
 .text.USART_SendData
                0x0000000000002da0        0x8 ./Peripheral/src/ch32v00x_usart.o
                0x0000000000002da0                USART_SendData
 .text.USART_ReceiveData
                0x0000000000002da8        0x8 ./Peripheral/src/ch32v00x_usart.o
                0x0000000000002da8                USART_ReceiveData
 .text.USART_GetFlagStatus
                0x0000000000002db0        0xa ./Peripheral/src/ch32v00x_usart.o
                0x0000000000002db0                USART_GetFlagStatus
 .text.USART_GetITStatus
                0x0000000000002dba       0x3c ./Peripheral/src/ch32v00x_usart.o
                0x0000000000002dba                USART_GetITStatus
 .text.USART_ClearITPendingBit
                0x0000000000002df6       0x14 ./Peripheral/src/ch32v00x_usart.o
                0x0000000000002df6                USART_ClearITPendingBit
 .text.Delay_Init
                0x0000000000002e0a       0x34 ./Debug/debug.o
                0x0000000000002e0a                Delay_Init
 .text.Delay_Us
                0x0000000000002e3e       0x3a ./Debug/debug.o
                0x0000000000002e3e                Delay_Us
 .text.Delay_Ms
                0x0000000000002e78       0x3a ./Debug/debug.o
                0x0000000000002e78                Delay_Ms
 .text.strlen   0x0000000000002eb2       0x10 c:/mounriver/mounriver_studio2/resources/app/resources/win32/components/wch/toolchain/risc-v embedded gcc12/bin/../lib/gcc/riscv-wch-elf/12.2.0/../../../../riscv-wch-elf/lib/rv32ec_xw/ilp32e\libg_nano.a(lib_a-strlen.o)
                0x0000000000002eb2                strlen
 *(.rodata)
 *(.rodata*)
 *fill*         0x0000000000002ec2        0x2 
 .rodata.main.str1.4
                0x0000000000002ec4       0x39 ./User/main.o
 *fill*         0x0000000000002efd        0x3 
 .rodata.radio_rx_addr
                0x0000000000002f00       0x13 ./User/main.o
 *fill*         0x0000000000002f13        0x1 
 .rodata.radio_rx_cfg
                0x0000000000002f14       0x10 ./User/main.o
 .rodata.radio_tx_addr
                0x0000000000002f24       0x13 ./User/main.o
 *fill*         0x0000000000002f37        0x1 
 .rodata.radio_tx_cfg
                0x0000000000002f38       0x10 ./User/main.o
 *(.gnu.linkonce.t.*)
                0x0000000000002f48                . = ALIGN (0x4)

.rela.dyn       0x0000000000002f48        0x0
 .rela.init     0x0000000000002f48        0x0 ./User/NRF24L01/NRF24L01.o
 .rela.text.handle_reset
                0x0000000000002f48        0x0 ./User/NRF24L01/NRF24L01.o

.fini           0x0000000000002f48        0x0
 *(SORT_NONE(.fini))
                0x0000000000002f48                . = ALIGN (0x4)
                [!provide]                        PROVIDE (_etext = .)
                [!provide]                        PROVIDE (_eitcm = .)

.preinit_array  0x0000000000002f48        0x0
                [!provide]                        PROVIDE (__preinit_array_start = .)
 *(.preinit_array)
                [!provide]                        PROVIDE (__preinit_array_end = .)

.init_array     0x0000000000002f48        0x0
                [!provide]                        PROVIDE (__init_array_start = .)
 *(SORT_BY_INIT_PRIORITY(.init_array.*) SORT_BY_INIT_PRIORITY(.ctors.*))
 *(.init_array EXCLUDE_FILE(*crtend?.o *crtend.o *crtbegin?.o *crtbegin.o) .ctors)
                [!provide]                        PROVIDE (__init_array_end = .)

.fini_array     0x0000000000002f48        0x0
                [!provide]                        PROVIDE (__fini_array_start = .)
 *(SORT_BY_INIT_PRIORITY(.fini_array.*) SORT_BY_INIT_PRIORITY(.dtors.*))
 *(.fini_array EXCLUDE_FILE(*crtend?.o *crtend.o *crtbegin?.o *crtbegin.o) .dtors)
                [!provide]                        PROVIDE (__fini_array_end = .)

.ctors
 *crtbegin.o(.ctors)
 *crtbegin?.o(.ctors)
 *(EXCLUDE_FILE(*crtend?.o *crtend.o) .ctors)
 *(SORT_BY_NAME(.ctors.*))
 *(.ctors)

.dtors
 *crtbegin.o(.dtors)
 *crtbegin?.o(.dtors)
 *(EXCLUDE_FILE(*crtend?.o *crtend.o) .dtors)
 *(SORT_BY_NAME(.dtors.*))
 *(.dtors)

.dalign         0x0000000020000000        0x0 load address 0x0000000000002f48
                0x0000000020000000                . = ALIGN (0x4)
                0x0000000020000000                PROVIDE (_data_vma = .)

.dlalign        0x0000000000002f48        0x0
                0x0000000000002f48                . = ALIGN (0x4)
                0x0000000000002f48                PROVIDE (_data_lma = .)

.data           0x0000000020000000       0x38 load address 0x0000000000002f48
                0x0000000020000000                . = ALIGN (0x4)
 *(.gnu.linkonce.r.*)
 *(.data .data.*)
 .data.AHBPrescTable
                0x0000000020000000       0x10 ./User/system_ch32v00x.o
                0x0000000020000000                AHBPrescTable
 .data.SystemCoreClock
                0x0000000020000010        0x4 ./User/system_ch32v00x.o
                0x0000000020000010                SystemCoreClock
 .data.ADCPrescTable
                0x0000000020000014       0x14 ./Peripheral/src/ch32v00x_rcc.o
 .data.APBAHBPrescTable
                0x0000000020000028       0x10 ./Peripheral/src/ch32v00x_rcc.o
 *(.gnu.linkonce.d.*)
                0x0000000020000038                . = ALIGN (0x8)
                0x0000000020000838                PROVIDE (__global_pointer$ = (. + 0x800))
 *(.sdata .sdata.*)
 *(.sdata2*)
 *(.gnu.linkonce.s.*)
                0x0000000020000038                . = ALIGN (0x8)
 *(.srodata.cst16)
 *(.srodata.cst8)
 *(.srodata.cst4)
 *(.srodata.cst2)
 *(.srodata .srodata.*)
                0x0000000020000038                . = ALIGN (0x4)
                0x0000000020000038                PROVIDE (_edata = .)

.bss            0x0000000020000038      0x2e4 load address 0x0000000000002f80
                0x0000000020000038                . = ALIGN (0x4)
                0x0000000020000038                PROVIDE (_sbss = .)
 *(.sbss*)
 *(.gnu.linkonce.sb.*)
 *(.bss*)
 .bss.packets   0x0000000020000038       0x90 ./User/DataTranscode/data_transcode.o
                0x0000000020000038                packets
 .bss.cntFailBlink.0
                0x00000000200000c8        0x1 ./User/main.o
 *fill*         0x00000000200000c9        0x1 
 .bss.cntConnectTimeout.1
                0x00000000200000ca        0x2 ./User/main.o
 .bss.cntBlink.2
                0x00000000200000cc        0x1 ./User/main.o
 .bss.len_new_rx_data.3
                0x00000000200000cd        0x1 ./User/main.o
 .bss.cntBuffer_UART.4
                0x00000000200000ce        0x1 ./User/main.o
 *fill*         0x00000000200000cf        0x1 
 .bss.hspi1     0x00000000200000d0       0x18 ./User/main.o
                0x00000000200000d0                hspi1
 .bss.radio2    0x00000000200000e8       0x7c ./User/main.o
                0x00000000200000e8                radio2
 .bss.radio1    0x0000000020000164       0x7c ./User/main.o
                0x0000000020000164                radio1
 .bss.metadata  0x00000000200001e0        0x8 ./User/main.o
                0x00000000200001e0                metadata
 .bss.data_packets
                0x00000000200001e8       0x90 ./User/main.o
                0x00000000200001e8                data_packets
 .bss.buffers   0x0000000020000278       0x85 ./User/main.o
                0x0000000020000278                buffers
 *fill*         0x00000000200002fd        0x3 
 .bss.device    0x0000000020000300       0x14 ./User/main.o
                0x0000000020000300                device
 .bss.NVIC_Priority_Group
                0x0000000020000314        0x4 ./Peripheral/src/ch32v00x_misc.o
                0x0000000020000314                NVIC_Priority_Group
 .bss.p_ms      0x0000000020000318        0x2 ./Debug/debug.o
 .bss.p_us      0x000000002000031a        0x1 ./Debug/debug.o
 *(.gnu.linkonce.b.*)
 *(COMMON*)
                0x000000002000031c                . = ALIGN (0x4)
 *fill*         0x000000002000031b        0x1 
                0x000000002000031c                PROVIDE (_ebss = .)
                0x000000002000031c                PROVIDE (_end = _ebss)
                [!provide]                        PROVIDE (end = .)

.stack          0x0000000020000700      0x100
                0x0000000020000700                PROVIDE (_heap_end = .)
                0x0000000020000700                . = ALIGN (0x4)
                [!provide]                        PROVIDE (_susrstack = .)
                0x0000000020000800                . = (. + __stack_size)
 *fill*         0x0000000020000700      0x100 
                0x0000000020000800                PROVIDE (_eusrstack = .)
OUTPUT(Firmware.elf elf32-littleriscv)

.debug_info     0x0000000000000000     0xb063
 .debug_info    0x0000000000000000     0x15e5 ./User/NRF24L01/NRF24L01.o
 .debug_info    0x00000000000015e5      0x713 ./User/DataTranscode/data_transcode.o
 .debug_info    0x0000000000001cf8      0x2f5 ./User/ch32v00x_it.o
 .debug_info    0x0000000000001fed     0x2d90 ./User/main.o
 .debug_info    0x0000000000004d7d      0x35a ./User/system_ch32v00x.o
 .debug_info    0x00000000000050d7       0x23 ./Startup/startup_ch32v00x.o
 .debug_info    0x00000000000050fa      0x1d2 ./Peripheral/src/ch32v00x_dbgmcu.o
 .debug_info    0x00000000000052cc      0x435 ./Peripheral/src/ch32v00x_dma.o
 .debug_info    0x0000000000005701      0x338 ./Peripheral/src/ch32v00x_exti.o
 .debug_info    0x0000000000005a39      0xb58 ./Peripheral/src/ch32v00x_flash.o
 .debug_info    0x0000000000006591      0x741 ./Peripheral/src/ch32v00x_gpio.o
 .debug_info    0x0000000000006cd2      0x4f7 ./Peripheral/src/ch32v00x_misc.o
 .debug_info    0x00000000000071c9      0x78d ./Peripheral/src/ch32v00x_rcc.o
 .debug_info    0x0000000000007956      0x74f ./Peripheral/src/ch32v00x_spi.o
 .debug_info    0x00000000000080a5     0x1e98 ./Peripheral/src/ch32v00x_tim.o
 .debug_info    0x0000000000009f3d      0xa39 ./Peripheral/src/ch32v00x_usart.o
 .debug_info    0x000000000000a976      0x6ed ./Debug/debug.o

.debug_abbrev   0x0000000000000000     0x235e
 .debug_abbrev  0x0000000000000000      0x34c ./User/NRF24L01/NRF24L01.o
 .debug_abbrev  0x000000000000034c      0x295 ./User/DataTranscode/data_transcode.o
 .debug_abbrev  0x00000000000005e1       0xfe ./User/ch32v00x_it.o
 .debug_abbrev  0x00000000000006df      0x41c ./User/main.o
 .debug_abbrev  0x0000000000000afb      0x1a7 ./User/system_ch32v00x.o
 .debug_abbrev  0x0000000000000ca2       0x12 ./Startup/startup_ch32v00x.o
 .debug_abbrev  0x0000000000000cb4      0x170 ./Peripheral/src/ch32v00x_dbgmcu.o
 .debug_abbrev  0x0000000000000e24      0x1ba ./Peripheral/src/ch32v00x_dma.o
 .debug_abbrev  0x0000000000000fde      0x17c ./Peripheral/src/ch32v00x_exti.o
 .debug_abbrev  0x000000000000115a      0x2de ./Peripheral/src/ch32v00x_flash.o
 .debug_abbrev  0x0000000000001438      0x1f0 ./Peripheral/src/ch32v00x_gpio.o
 .debug_abbrev  0x0000000000001628      0x1c9 ./Peripheral/src/ch32v00x_misc.o
 .debug_abbrev  0x00000000000017f1      0x236 ./Peripheral/src/ch32v00x_rcc.o
 .debug_abbrev  0x0000000000001a27      0x1fa ./Peripheral/src/ch32v00x_spi.o
 .debug_abbrev  0x0000000000001c21      0x321 ./Peripheral/src/ch32v00x_tim.o
 .debug_abbrev  0x0000000000001f42      0x1ff ./Peripheral/src/ch32v00x_usart.o
 .debug_abbrev  0x0000000000002141      0x21d ./Debug/debug.o

.debug_loclists
                0x0000000000000000     0x3fb8
 .debug_loclists
                0x0000000000000000      0x763 ./User/NRF24L01/NRF24L01.o
 .debug_loclists
                0x0000000000000763      0x362 ./User/DataTranscode/data_transcode.o
 .debug_loclists
                0x0000000000000ac5      0x10b ./User/main.o
 .debug_loclists
                0x0000000000000bd0       0x94 ./User/system_ch32v00x.o
 .debug_loclists
                0x0000000000000c64       0x7a ./Peripheral/src/ch32v00x_dbgmcu.o
 .debug_loclists
                0x0000000000000cde      0x113 ./Peripheral/src/ch32v00x_dma.o
 .debug_loclists
                0x0000000000000df1      0x118 ./Peripheral/src/ch32v00x_exti.o
 .debug_loclists
                0x0000000000000f09      0x937 ./Peripheral/src/ch32v00x_flash.o
 .debug_loclists
                0x0000000000001840      0x5c1 ./Peripheral/src/ch32v00x_gpio.o
 .debug_loclists
                0x0000000000001e01       0x2b ./Peripheral/src/ch32v00x_misc.o
 .debug_loclists
                0x0000000000001e2c      0x442 ./Peripheral/src/ch32v00x_rcc.o
 .debug_loclists
                0x000000000000226e      0x3d8 ./Peripheral/src/ch32v00x_spi.o
 .debug_loclists
                0x0000000000002646     0x11c8 ./Peripheral/src/ch32v00x_tim.o
 .debug_loclists
                0x000000000000380e      0x614 ./Peripheral/src/ch32v00x_usart.o
 .debug_loclists
                0x0000000000003e22      0x196 ./Debug/debug.o

.debug_aranges  0x0000000000000000      0xad8
 .debug_aranges
                0x0000000000000000       0xb0 ./User/NRF24L01/NRF24L01.o
 .debug_aranges
                0x00000000000000b0       0x48 ./User/DataTranscode/data_transcode.o
 .debug_aranges
                0x00000000000000f8       0x28 ./User/ch32v00x_it.o
 .debug_aranges
                0x0000000000000120       0xa8 ./User/main.o
 .debug_aranges
                0x00000000000001c8       0x28 ./User/system_ch32v00x.o
 .debug_aranges
                0x00000000000001f0       0x30 ./Startup/startup_ch32v00x.o
 .debug_aranges
                0x0000000000000220       0x48 ./Peripheral/src/ch32v00x_dbgmcu.o
 .debug_aranges
                0x0000000000000268       0x70 ./Peripheral/src/ch32v00x_dma.o
 .debug_aranges
                0x00000000000002d8       0x58 ./Peripheral/src/ch32v00x_exti.o
 .debug_aranges
                0x0000000000000330      0x118 ./Peripheral/src/ch32v00x_flash.o
 .debug_aranges
                0x0000000000000448       0x98 ./Peripheral/src/ch32v00x_gpio.o
 .debug_aranges
                0x00000000000004e0       0x28 ./Peripheral/src/ch32v00x_misc.o
 .debug_aranges
                0x0000000000000508       0xe0 ./Peripheral/src/ch32v00x_rcc.o
 .debug_aranges
                0x00000000000005e8       0xb8 ./Peripheral/src/ch32v00x_spi.o
 .debug_aranges
                0x00000000000006a0      0x2e8 ./Peripheral/src/ch32v00x_tim.o
 .debug_aranges
                0x0000000000000988      0x100 ./Peripheral/src/ch32v00x_usart.o
 .debug_aranges
                0x0000000000000a88       0x50 ./Debug/debug.o

.debug_rnglists
                0x0000000000000000      0xd16
 .debug_rnglists
                0x0000000000000000      0x13d ./User/NRF24L01/NRF24L01.o
 .debug_rnglists
                0x000000000000013d       0xeb ./User/DataTranscode/data_transcode.o
 .debug_rnglists
                0x0000000000000228       0x1f ./User/ch32v00x_it.o
 .debug_rnglists
                0x0000000000000247       0xe8 ./User/main.o
 .debug_rnglists
                0x000000000000032f       0x1f ./User/system_ch32v00x.o
 .debug_rnglists
                0x000000000000034e       0x21 ./Startup/startup_ch32v00x.o
 .debug_rnglists
                0x000000000000036f       0x56 ./Peripheral/src/ch32v00x_dbgmcu.o
 .debug_rnglists
                0x00000000000003c5       0x70 ./Peripheral/src/ch32v00x_dma.o
 .debug_rnglists
                0x0000000000000435       0x55 ./Peripheral/src/ch32v00x_exti.o
 .debug_rnglists
                0x000000000000048a      0x12d ./Peripheral/src/ch32v00x_flash.o
 .debug_rnglists
                0x00000000000005b7       0x9d ./Peripheral/src/ch32v00x_gpio.o
 .debug_rnglists
                0x0000000000000654       0x58 ./Peripheral/src/ch32v00x_misc.o
 .debug_rnglists
                0x00000000000006ac       0xee ./Peripheral/src/ch32v00x_rcc.o
 .debug_rnglists
                0x000000000000079a       0xc1 ./Peripheral/src/ch32v00x_spi.o
 .debug_rnglists
                0x000000000000085b      0x35d ./Peripheral/src/ch32v00x_tim.o
 .debug_rnglists
                0x0000000000000bb8      0x112 ./Peripheral/src/ch32v00x_usart.o
 .debug_rnglists
                0x0000000000000cca       0x4c ./Debug/debug.o

.debug_line     0x0000000000000000     0xca4f
 .debug_line    0x0000000000000000     0x104e ./User/NRF24L01/NRF24L01.o
 .debug_line    0x000000000000104e      0xb5c ./User/DataTranscode/data_transcode.o
 .debug_line    0x0000000000001baa       0xdb ./User/ch32v00x_it.o
 .debug_line    0x0000000000001c85     0x1f93 ./User/main.o
 .debug_line    0x0000000000003c18      0x413 ./User/system_ch32v00x.o
 .debug_line    0x000000000000402b      0x144 ./Startup/startup_ch32v00x.o
 .debug_line    0x000000000000416f      0x190 ./Peripheral/src/ch32v00x_dbgmcu.o
 .debug_line    0x00000000000042ff      0x5bc ./Peripheral/src/ch32v00x_dma.o
 .debug_line    0x00000000000048bb      0x408 ./Peripheral/src/ch32v00x_exti.o
 .debug_line    0x0000000000004cc3     0x1b48 ./Peripheral/src/ch32v00x_flash.o
 .debug_line    0x000000000000680b      0x9cd ./Peripheral/src/ch32v00x_gpio.o
 .debug_line    0x00000000000071d8      0x1c8 ./Peripheral/src/ch32v00x_misc.o
 .debug_line    0x00000000000073a0      0xc6e ./Peripheral/src/ch32v00x_rcc.o
 .debug_line    0x000000000000800e      0x7c1 ./Peripheral/src/ch32v00x_spi.o
 .debug_line    0x00000000000087cf     0x2f85 ./Peripheral/src/ch32v00x_tim.o
 .debug_line    0x000000000000b754      0xd72 ./Peripheral/src/ch32v00x_usart.o
 .debug_line    0x000000000000c4c6      0x589 ./Debug/debug.o

.debug_str      0x0000000000000000     0x312e
 .debug_str     0x0000000000000000      0x7b2 ./User/NRF24L01/NRF24L01.o
                                        0x869 (size before relaxing)
 .debug_str     0x00000000000007b2      0x152 ./User/DataTranscode/data_transcode.o
                                        0x34e (size before relaxing)
 .debug_str     0x0000000000000904       0x86 ./User/ch32v00x_it.o
                                        0x261 (size before relaxing)
 .debug_str     0x000000000000098a      0xe67 ./User/main.o
                                       0x16d7 (size before relaxing)
 .debug_str     0x00000000000017f1       0xea ./User/system_ch32v00x.o
                                        0x2ed (size before relaxing)
 .debug_str     0x00000000000018db       0x5f ./Startup/startup_ch32v00x.o
 .debug_str     0x000000000000193a       0x6a ./Peripheral/src/ch32v00x_dbgmcu.o
                                        0x214 (size before relaxing)
 .debug_str     0x00000000000019a4       0xe7 ./Peripheral/src/ch32v00x_dma.o
                                        0x3c4 (size before relaxing)
 .debug_str     0x0000000000001a8b       0x9a ./Peripheral/src/ch32v00x_exti.o
                                        0x35d (size before relaxing)
 .debug_str     0x0000000000001b25      0x324 ./Peripheral/src/ch32v00x_flash.o
                                        0x684 (size before relaxing)
 .debug_str     0x0000000000001e49      0x149 ./Peripheral/src/ch32v00x_gpio.o
                                        0x513 (size before relaxing)
 .debug_str     0x0000000000001f92       0x60 ./Peripheral/src/ch32v00x_misc.o
                                        0x4db (size before relaxing)
 .debug_str     0x0000000000001ff2      0x292 ./Peripheral/src/ch32v00x_rcc.o
                                        0x58c (size before relaxing)
 .debug_str     0x0000000000002284      0x16d ./Peripheral/src/ch32v00x_spi.o
                                        0x50a (size before relaxing)
 .debug_str     0x00000000000023f1      0x9e0 ./Peripheral/src/ch32v00x_tim.o
                                        0xe3c (size before relaxing)
 .debug_str     0x0000000000002dd1      0x2d9 ./Peripheral/src/ch32v00x_usart.o
                                        0x6e3 (size before relaxing)
 .debug_str     0x00000000000030aa       0x84 ./Debug/debug.o
                                        0x527 (size before relaxing)

.debug_line_str
                0x0000000000000000      0x6b7
 .debug_line_str
                0x0000000000000000      0x3a9 ./User/NRF24L01/NRF24L01.o
                                        0x3ff (size before relaxing)
 .debug_line_str
                0x00000000000003a9       0x4e ./User/DataTranscode/data_transcode.o
                                        0x210 (size before relaxing)
 .debug_line_str
                0x00000000000003f7       0x1e ./User/ch32v00x_it.o
                                        0x212 (size before relaxing)
 .debug_line_str
                0x0000000000000415       0xea ./User/main.o
                                        0x4e9 (size before relaxing)
 .debug_line_str
                0x00000000000004ff       0x1a ./User/system_ch32v00x.o
                                        0x27d (size before relaxing)
 .debug_line_str
                0x0000000000000519       0x1e ./Startup/startup_ch32v00x.o
                                         0x66 (size before relaxing)
 .debug_line_str
                0x0000000000000537       0x36 ./Peripheral/src/ch32v00x_dbgmcu.o
                                        0x232 (size before relaxing)
 .debug_line_str
                0x000000000000056d       0x21 ./Peripheral/src/ch32v00x_dma.o
                                        0x283 (size before relaxing)
 .debug_line_str
                0x000000000000058e       0x22 ./Peripheral/src/ch32v00x_exti.o
                                        0x287 (size before relaxing)
 .debug_line_str
                0x00000000000005b0       0x23 ./Peripheral/src/ch32v00x_flash.o
                                        0x28b (size before relaxing)
 .debug_line_str
                0x00000000000005d3       0x22 ./Peripheral/src/ch32v00x_gpio.o
                                        0x296 (size before relaxing)
 .debug_line_str
                0x00000000000005f5       0x22 ./Peripheral/src/ch32v00x_misc.o
                                        0x287 (size before relaxing)
 .debug_line_str
                0x0000000000000617       0x21 ./Peripheral/src/ch32v00x_rcc.o
                                        0x283 (size before relaxing)
 .debug_line_str
                0x0000000000000638       0x21 ./Peripheral/src/ch32v00x_spi.o
                                        0x292 (size before relaxing)
 .debug_line_str
                0x0000000000000659       0x21 ./Peripheral/src/ch32v00x_tim.o
                                        0x292 (size before relaxing)
 .debug_line_str
                0x000000000000067a       0x23 ./Peripheral/src/ch32v00x_usart.o
                                        0x29a (size before relaxing)
 .debug_line_str
                0x000000000000069d       0x1a ./Debug/debug.o
                                        0x35f (size before relaxing)

.comment        0x0000000000000000       0x31
 .comment       0x0000000000000000       0x31 ./User/NRF24L01/NRF24L01.o
                                         0x32 (size before relaxing)
 .comment       0x0000000000000031       0x32 ./User/DataTranscode/data_transcode.o
 .comment       0x0000000000000031       0x32 ./User/ch32v00x_it.o
 .comment       0x0000000000000031       0x32 ./User/main.o
 .comment       0x0000000000000031       0x32 ./User/system_ch32v00x.o
 .comment       0x0000000000000031       0x32 ./Peripheral/src/ch32v00x_dbgmcu.o
 .comment       0x0000000000000031       0x32 ./Peripheral/src/ch32v00x_dma.o
 .comment       0x0000000000000031       0x32 ./Peripheral/src/ch32v00x_exti.o
 .comment       0x0000000000000031       0x32 ./Peripheral/src/ch32v00x_flash.o
 .comment       0x0000000000000031       0x32 ./Peripheral/src/ch32v00x_gpio.o
 .comment       0x0000000000000031       0x32 ./Peripheral/src/ch32v00x_misc.o
 .comment       0x0000000000000031       0x32 ./Peripheral/src/ch32v00x_rcc.o
 .comment       0x0000000000000031       0x32 ./Peripheral/src/ch32v00x_spi.o
 .comment       0x0000000000000031       0x32 ./Peripheral/src/ch32v00x_tim.o
 .comment       0x0000000000000031       0x32 ./Peripheral/src/ch32v00x_usart.o
 .comment       0x0000000000000031       0x32 ./Debug/debug.o
 .comment       0x0000000000000031       0x32 c:/mounriver/mounriver_studio2/resources/app/resources/win32/components/wch/toolchain/risc-v embedded gcc12/bin/../lib/gcc/riscv-wch-elf/12.2.0/../../../../riscv-wch-elf/lib/rv32ec_xw/ilp32e\libg_nano.a(lib_a-strlen.o)

.riscv.attributes
                0x0000000000000000       0x27
 .riscv.attributes
                0x0000000000000000       0x27 ./User/NRF24L01/NRF24L01.o
 .riscv.attributes
                0x0000000000000027       0x27 ./User/DataTranscode/data_transcode.o
 .riscv.attributes
                0x000000000000004e       0x27 ./User/ch32v00x_it.o
 .riscv.attributes
                0x0000000000000075       0x27 ./User/main.o
 .riscv.attributes
                0x000000000000009c       0x27 ./User/system_ch32v00x.o
 .riscv.attributes
                0x00000000000000c3       0x25 ./Startup/startup_ch32v00x.o
 .riscv.attributes
                0x00000000000000e8       0x27 ./Peripheral/src/ch32v00x_dbgmcu.o
 .riscv.attributes
                0x000000000000010f       0x27 ./Peripheral/src/ch32v00x_dma.o
 .riscv.attributes
                0x0000000000000136       0x27 ./Peripheral/src/ch32v00x_exti.o
 .riscv.attributes
                0x000000000000015d       0x27 ./Peripheral/src/ch32v00x_flash.o
 .riscv.attributes
                0x0000000000000184       0x27 ./Peripheral/src/ch32v00x_gpio.o
 .riscv.attributes
                0x00000000000001ab       0x27 ./Peripheral/src/ch32v00x_misc.o
 .riscv.attributes
                0x00000000000001d2       0x27 ./Peripheral/src/ch32v00x_rcc.o
 .riscv.attributes
                0x00000000000001f9       0x27 ./Peripheral/src/ch32v00x_spi.o
 .riscv.attributes
                0x0000000000000220       0x27 ./Peripheral/src/ch32v00x_tim.o
 .riscv.attributes
                0x0000000000000247       0x27 ./Peripheral/src/ch32v00x_usart.o
 .riscv.attributes
                0x000000000000026e       0x27 ./Debug/debug.o
 .riscv.attributes
                0x0000000000000295       0x25 c:/mounriver/mounriver_studio2/resources/app/resources/win32/components/wch/toolchain/risc-v embedded gcc12/bin/../lib/gcc/riscv-wch-elf/12.2.0/rv32ec_xw/ilp32e\libgcc.a(save-restore.o)
 .riscv.attributes
                0x00000000000002ba       0x25 c:/mounriver/mounriver_studio2/resources/app/resources/win32/components/wch/toolchain/risc-v embedded gcc12/bin/../lib/gcc/riscv-wch-elf/12.2.0/rv32ec_xw/ilp32e\libgcc.a(muldi3.o)
 .riscv.attributes
                0x00000000000002df       0x25 c:/mounriver/mounriver_studio2/resources/app/resources/win32/components/wch/toolchain/risc-v embedded gcc12/bin/../lib/gcc/riscv-wch-elf/12.2.0/rv32ec_xw/ilp32e\libgcc.a(div.o)
 .riscv.attributes
                0x0000000000000304       0x25 c:/mounriver/mounriver_studio2/resources/app/resources/win32/components/wch/toolchain/risc-v embedded gcc12/bin/../lib/gcc/riscv-wch-elf/12.2.0/../../../../riscv-wch-elf/lib/rv32ec_xw/ilp32e\libg_nano.a(lib_a-memcpy-asm.o)
 .riscv.attributes
                0x0000000000000329       0x25 c:/mounriver/mounriver_studio2/resources/app/resources/win32/components/wch/toolchain/risc-v embedded gcc12/bin/../lib/gcc/riscv-wch-elf/12.2.0/../../../../riscv-wch-elf/lib/rv32ec_xw/ilp32e\libg_nano.a(lib_a-memmove.o)
 .riscv.attributes
                0x000000000000034e       0x25 c:/mounriver/mounriver_studio2/resources/app/resources/win32/components/wch/toolchain/risc-v embedded gcc12/bin/../lib/gcc/riscv-wch-elf/12.2.0/../../../../riscv-wch-elf/lib/rv32ec_xw/ilp32e\libg_nano.a(lib_a-memset.o)
 .riscv.attributes
                0x0000000000000373       0x27 c:/mounriver/mounriver_studio2/resources/app/resources/win32/components/wch/toolchain/risc-v embedded gcc12/bin/../lib/gcc/riscv-wch-elf/12.2.0/../../../../riscv-wch-elf/lib/rv32ec_xw/ilp32e\libg_nano.a(lib_a-strlen.o)

.debug_frame    0x0000000000000000     0x188c
 .debug_frame   0x0000000000000000      0x294 ./User/NRF24L01/NRF24L01.o
 .debug_frame   0x0000000000000294       0xc4 ./User/DataTranscode/data_transcode.o
 .debug_frame   0x0000000000000358       0x30 ./User/ch32v00x_it.o
 .debug_frame   0x0000000000000388      0x22c ./User/main.o
 .debug_frame   0x00000000000005b4       0x4c ./User/system_ch32v00x.o
 .debug_frame   0x0000000000000600       0x70 ./Peripheral/src/ch32v00x_dbgmcu.o
 .debug_frame   0x0000000000000670       0xc0 ./Peripheral/src/ch32v00x_dma.o
 .debug_frame   0x0000000000000730       0x90 ./Peripheral/src/ch32v00x_exti.o
 .debug_frame   0x00000000000007c0      0x31c ./Peripheral/src/ch32v00x_flash.o
 .debug_frame   0x0000000000000adc      0x154 ./Peripheral/src/ch32v00x_gpio.o
 .debug_frame   0x0000000000000c30       0x30 ./Peripheral/src/ch32v00x_misc.o
 .debug_frame   0x0000000000000c60      0x1d0 ./Peripheral/src/ch32v00x_rcc.o
 .debug_frame   0x0000000000000e30      0x15c ./Peripheral/src/ch32v00x_spi.o
 .debug_frame   0x0000000000000f8c      0x618 ./Peripheral/src/ch32v00x_tim.o
 .debug_frame   0x00000000000015a4      0x204 ./Peripheral/src/ch32v00x_usart.o
 .debug_frame   0x00000000000017a8       0xe4 ./Debug/debug.o
